#-----------------------------------------------------------
# Vivado v2016.1 (64-bit)
# SW Build 1538259 on Fri Apr  8 15:45:27 MDT 2016
# IP Build 1537824 on Fri Apr  8 04:28:57 MDT 2016
# Start of session at: Thu Nov 23 15:21:50 2023
# Process ID: 1128
# Current directory: C:/Users/alarc/OneDrive/Desktop/PT100/tempsensordriver
# Command line: vivado.exe -gui_launcher_event rodinguilauncherevent17144 C:\Users\alarc\OneDrive\Desktop\PT100\tempsensordriver\tempsensordriver.xpr
# Log file: C:/Users/alarc/OneDrive/Desktop/PT100/tempsensordriver/vivado.log
# Journal file: C:/Users/alarc/OneDrive/Desktop/PT100/tempsensordriver\vivado.jou
#-----------------------------------------------------------
start_gui
open_project C:/Users/alarc/OneDrive/Desktop/PT100/tempsensordriver/tempsensordriver.xpr
update_compile_order -fileset sources_1
open_hw
connect_hw_server
open_hw_target
set_property PROGRAM.FILE {C:/Users/alarc/OneDrive/Desktop/PT100/tempsensordriver/tempsensordriver.runs/impl_1/ts_pt100_wrapper.bit} [lindex [get_hw_devices] 0]
current_hw_device [lindex [get_hw_devices] 0]
refresh_hw_device -update_hw_probes false [lindex [get_hw_devices] 0]
set_property PROBES.FILE {} [lindex [get_hw_devices] 0]
set_property PROGRAM.FILE {C:/Users/alarc/OneDrive/Desktop/PT100/tempsensordriver/tempsensordriver.runs/impl_1/ts_pt100_wrapper.bit} [lindex [get_hw_devices] 0]
program_hw_devices [lindex [get_hw_devices] 0]
refresh_hw_device [lindex [get_hw_devices] 0]
open_bd_design {C:/Users/alarc/OneDrive/Desktop/PT100/tempsensordriver/tempsensordriver.srcs/sources_1/bd/ts_pt100/ts_pt100.bd}
set_property PROBES.FILE {} [lindex [get_hw_devices] 0]
set_property PROGRAM.FILE {C:/Users/alarc/OneDrive/Desktop/PT100/tempsensordriver/tempsensordriver.runs/impl_1/ts_pt100_wrapper.bit} [lindex [get_hw_devices] 0]
program_hw_devices [lindex [get_hw_devices] 0]
refresh_hw_device [lindex [get_hw_devices] 0]
